<html>
<body>
<pre>
<h1>礦ision Build Log</h1>
<h2>Project:</h2>
F:\实验1跑马灯-库函数操作\USER\LED.uvproj
Project File Date:  08/29/2015

<h2>Output:</h2>
Rebuild target 'Target 1'
compiling main.c...
compiling stm32f10x_it.c...
compiling system_stm32f10x.c...
compiling led.c...
compiling delay.c...
compiling sys.c...
compiling usart.c...
compiling core_cm3.c...
assembling startup_stm32f10x_hd.s...
compiling misc.c...
compiling stm32f10x_gpio.c...
compiling stm32f10x_rcc.c...
compiling stm32f10x_usart.c...
compiling Dijkstra.c...
..\HARDWARE\Dijkstra\Dijkstra.c(104): warning:  #177-D: variable "k" was declared but never referenced
        int i, j, k;
..\HARDWARE\Dijkstra\Dijkstra.c(105): warning:  #177-D: variable "V1" was declared but never referenced
        int V1, V2;
..\HARDWARE\Dijkstra\Dijkstra.c(105): warning:  #177-D: variable "V2" was declared but never referenced
        int V1, V2;
..\HARDWARE\Dijkstra\Dijkstra.c(106): warning:  #177-D: variable "weight" was declared but never referenced
        int weight;
..\HARDWARE\Dijkstra\Dijkstra.c: 4 warnings, 0 errors
linking...
Program Size: Code=4552 RO-data=336 RW-data=52 ZI-data=1836  
FromELF: creating hex file...
"..\OBJ\LED.axf" - 0 Error(s), 4 Warning(s).
</pre>
</body>
</html>
, vexnum, arcnum, 0, p, D);
..\HARDWARE\Dijkstra\Dijkstra.c(136): warning:  #177-D: variable "i" was declared but never referenced
        int i, j;
..\HARDWARE\Dijkstra\Dijkstra.c(136): warning:  #177-D: variable "j" was declared but never referenced
        int i, j;
..\HARDWARE\Dijkstra\Dijkstra.c: 7 warnings, 3 errors
"..\OBJ\LED.axf" - 3 Error(s), 7 Warning(s).
Target not created
warnings, 3 errors
"..\OBJ\LED.axf" - 3 Error(s), 8 Warning(s).
Target not created
J(g, 0, p, D);
..\HARDWARE\Dijkstra\Dijkstra.c(141): error:  #167: argument of type "int *" is incompatible with parameter of type "int"
        ShortestPath_DIJ(g, 0, p, D);
..\HARDWARE\Dijkstra\Dijkstra.c(141): error:  #165: too few arguments in function call
        ShortestPath_DIJ(g, 0, p, D);
..\HARDWARE\Dijkstra\Dijkstra.c(135): warning:  #177-D: variable "i" was declared but never referenced
        int i, j;
..\HARDWARE\Dijkstra\Dijkstra.c(135): warning:  #177-D: variable "j" was declared but never referenced
        int i, j;
..\HARDWARE\Dijkstra\Dijkstra.c: 8 warnings, 8 errors
"..\OBJ\LED.axf" - 8 Error(s), 8 Warning(s).
Target not created
9 errors
"..\OBJ\LED.axf" - 9 Error(s), 8 Warning(s).
Target not created
"..\OBJ\LED.axf" - 15 Error(s), 4 Warning(s).
Target not created
<<endl;
..\HARDWARE\Dijkstra\Dijkstra.c(39): error:  #20: identifier "endl" is undefined
        cout<<"请输入边和权值："<<endl;
..\HARDWARE\Dijkstra\Dijkstra.c(52): error:  #20: identifier "MGraph" is undefined
  void ShortestPath_DIJ(MGraph G, int v0, int p[][MAX_VERTEX_NUM], int D[])
..\HARDWARE\Dijkstra\Dijkstra.c(52): error:  #20: identifier "MAX_VERTEX_NUM" is undefined
  void ShortestPath_DIJ(MGraph G, int v0, int p[][MAX_VERTEX_NUM], int D[])
..\HARDWARE\Dijkstra\Dijkstra.c(55): error:  #20: identifier "bool" is undefined
        bool final[10];
..\HARDWARE\Dijkstra\Dijkstra.c(59): error:  #20: identifier "false" is undefined
                final[v]=false;//设初值
..\HARDWARE\Dijkstra\Dijkstra.c(63): error:  #20: identifier "INFINITY" is undefined
                if(D[v]<INFINITY)//v0到v有直接路径
..\HARDWARE\Dijkstra\Dijkstra.c(71): error:  #20: identifier "true" is undefined
        final[v0]=true;//v0顶点并入S集合
..\HARDWARE\Dijkstra\Dijkstra.c(75): error:  #20: identifier "INFINITY" is undefined
                min=INFINITY;
..\HARDWARE\Dijkstra\Dijkstra.c: 0 warnings, 25 errors
"..\OBJ\LED.axf" - 26 Error(s), 2 Warning(s).
Target not created
fier "size_t" is undefined
                  const wchar_t * __restrict /*s2*/, size_t /*n*/) __attribute__((__nonnull__(1,2)));
D:\MDK\ARM\ARMCC\bin\..\include\wchar.h(245): error:  #20: identifier "size_t" is undefined
                      const wchar_t * __restrict /*s2*/, size_t /*n*/) __attribute__((__nonnull__(1,2)));
D:\MDK\ARM\ARMCC\bin\..\include\wchar.h(248): error:  #20: identifier "size_t" is undefined
      size_t wcsxfrm(wchar_t * __restrict /*s1*/,
D:\MDK\ARM\ARMCC\bin\..\include\wchar.h(249): error:  #20: identifier "size_t" is undefined
                     const wchar_t * __restrict /*s2*/, size_t /*n*/) __attribute__((__nonnull__(2)));
D:\MDK\ARM\ARMCC\bin\..\include\wchar.h(251): error:  #20: identifier "size_t" is undefined
                  const wchar_t * __restrict /*s2*/, size_t /*n*/) __attribute__((__nonnull__(1,2)));
D:\MDK\ARM\ARMCC\bin\..\include\wchar.h(252): error:  #20: identifier "size_t" is undefined
      size_t wcscspn(const wchar_t * __restrict /*s1*/,
D:\MDK\ARM\ARMCC\bin\..\include\wchar.h(254): error:  #20: identifier "size_t" is undefined
      size_t wcsspn(const wchar_t * __restrict /*s1*/,
D:\MDK\ARM\ARMCC\bin\..\include\wchar.h(260): error:  #20: identifier "size_t" is undefined
                       size_t /*n*/) __attribute__((__nonnull__(1)));
D:\MDK\ARM\ARMCC\bin\..\include\wchar.h(261): error:  #20: identifier "size_t" is undefined
      size_t wcslen(const wchar_t * __restrict /*s*/) __attribute__((__nonnull__(1)));
D:\MDK\ARM\ARMCC\bin\..\include\wchar.h(262): error:  #20: identifier "size_t" is undefined
      wchar_t *wmemset(wchar_t * __restrict /*s*/, wchar_t /*c*/, size_t /*n*/) __attribute__((__nonnull__(1)));
D:\MDK\ARM\ARMCC\bin\..\include\iosfwd(93): error:  #20: identifier "namespace" is undefined
  _RWSTD_NAMESPACE_BEGIN (std)
..\HARDWARE\Dijkstra\Dijkstra.c: 0 warnings, 30 errors
"..\OBJ\LED.axf" - 31 Error(s), 2 Warning(s).
Target not created
Target not created
tribute__((__nonnull__(1)));
D:\MDK\ARM\ARMCC\bin\..\include\wchar.h(262): error:  #20: identifier "size_t" is undefined
      wchar_t *wmemset(wchar_t * __restrict /*s*/, wchar_t /*c*/, size_t /*n*/) __attribute__((__nonnull__(1)));
D:\MDK\ARM\ARMCC\bin\..\include\iosfwd(93): error:  #20: identifier "namespace" is undefined
  _RWSTD_NAMESPACE_BEGIN (std)
..\HARDWARE\Dijkstra\Dijkstra.c: 0 warnings, 30 errors
"..\OBJ\LED.axf" - 37 Error(s), 1 Warning(s).
Target not created
_t /*n*/) __attribute__((__nonnull__(1)));
D:\MDK\ARM\ARMCC\bin\..\include\iosfwd(93): error:  #20: identifier "namespace" is undefined
  _RWSTD_NAMESPACE_BEGIN (std)
..\HARDWARE\Dijkstra\Dijkstra.c: 0 warnings, 30 errors
"..\OBJ\LED.axf" - 40 Error(s), 1 Warning(s).
Target not created
